astropy__astropy-13033 OK
astropy__astropy-12907 OK
astropy__astropy-14096 OK
astropy__astropy-13236 OK
astropy__astropy-13579 OK
astropy__astropy-13453 OK
astropy__astropy-14182 OK
astropy__astropy-14365 OK
astropy__astropy-14309 OK
astropy__astropy-14369 OK
astropy__astropy-14508 OK
astropy__astropy-14539 OK
astropy__astropy-14598 OK
astropy__astropy-7166 OK
astropy__astropy-14995 OK
astropy__astropy-7336 OK
astropy__astropy-7671 OK
astropy__astropy-7606 OK
django__django-10880 OK
django__django-10973 OK
django__django-10914 OK
django__django-10999 OK
django__django-11066 OK
django__django-11099 OK
django__django-11095 OK
django__django-11087 OK
django__django-11119 OK
django__django-11133 OK
django__django-11163 OK
django__django-11141 OK
django__django-11149 OK
django__django-11179 OK
django__django-11138 OK
django__django-11206 OK
django__django-11211 OK
django__django-11239 OK
django__django-11276 OK
django__django-11265 OK
django__django-11292 OK
django__django-11299 OK
django__django-11400 OK
django__django-11433 OK
django__django-11477 OK
django__django-11333 OK
django__django-11490 OK
django__django-11728 OK
django__django-11555 OK
django__django-11551 OK
django__django-11603 OK
django__django-11532 OK
django__django-11734 OK
django__django-11749 OK
django__django-11740 OK
django__django-11790 OK
django__django-11815 OK
django__django-11820 OK
django__django-11848 OK
django__django-11951 OK
django__django-11880 OK
django__django-11885 OK
django__django-11999 OK
django__django-11964 OK
django__django-12050 OK
django__django-12039 OK
django__django-12155 OK
django__django-12125 OK
django__django-12193 OK
django__django-12209 OK
django__django-12262 OK
django__django-12276 OK
django__django-12273 OK
django__django-12143 ERROR
django__django-12304 OK
django__django-12308 OK
django__django-12325 OK
django__django-12419 OK
django__django-12663 OK
django__django-12406 OK
django__django-12713 OK
django__django-12708 OK
django__django-12741 OK
django__django-12754 OK
django__django-13023 OK
django__django-12774 OK
django__django-12858 OK
django__django-12965 OK
django__django-13012 OK
django__django-13028 OK
django__django-13112 OK
django__django-13109 OK
django__django-13121 OK
django__django-13128 OK
django__django-13033 OK
django__django-13158 OK
django__django-13195 OK
django__django-13315 OK
django__django-13212 OK
django__django-13297 OK
django__django-13343 OK
django__django-13344 OK
django__django-13346 OK
django__django-13410 OK
django__django-13401 OK
django__django-13363 OK
django__django-13417 OK
django__django-13406 OK
django__django-13449 OK
django__django-13512 OK
django__django-13551 OK
django__django-13513 OK
django__django-13516 OK
django__django-13568 OK
django__django-13590 OK
django__django-13569 OK
django__django-13658 OK
django__django-13670 OK
django__django-13741 OK
django__django-13786 OK
django__django-13794 OK
django__django-13807 OK
django__django-13821 OK
django__django-13820 OK
django__django-13837 OK
django__django-13925 OK
django__django-13933 OK
django__django-13964 OK
django__django-14089 OK
django__django-14017 OK
django__django-14007 OK
django__django-14122 OK
django__django-14034 OK
django__django-14140 OK
django__django-14155 OK
django__django-14349 OK
django__django-14170 OK
django__django-14311 OK
django__django-14315 OK
django__django-14238 OK
django__django-14373 OK
django__django-14376 OK
django__django-14404 OK
django__django-14434 OK
django__django-14493 OK
django__django-14351 OK
django__django-14539 OK
django__django-14559 OK
django__django-14534 OK
django__django-14500 OK
django__django-14580 OK
django__django-14608 OK
django__django-14725 OK
django__django-14631 OK
django__django-14765 OK
django__django-14752 OK
django__django-14771 OK
django__django-14787 OK
django__django-14915 OK
django__django-14999 OK
django__django-14855 OK
django__django-14792 OK
django__django-15022 OK
django__django-15037 OK
django__django-15103 OK
django__django-15098 OK
django__django-15104 OK
django__django-15161 OK
django__django-15268 OK
django__django-15128 OK
django__django-15252 OK
django__django-15280 OK
django__django-15315 OK
django__django-15278 OK
django__django-15368 OK
django__django-15380 OK
django__django-15382 OK
django__django-15467 OK
django__django-15499 OK
django__django-15503 OK
django__django-15561 OK
django__django-15569 OK
django__django-15572 OK
django__django-15554 OK
django__django-15525 OK
django__django-15563 OK
django__django-15731 OK
django__django-15629 OK
django__django-15732 OK
django__django-15741 OK
django__django-15814 OK
django__django-15695 OK
django__django-15851 OK
django__django-15987 OK
django__django-15957 OK
django__django-15916 OK
django__django-15973 OK
django__django-15930 OK
django__django-16032 OK
django__django-16082 OK
django__django-16116 OK
django__django-16100 OK
django__django-16139 OK
django__django-16136 OK
django__django-16145 OK
django__django-16263 OK
django__django-16333 OK
django__django-16315 OK
django__django-16454 OK
django__django-16485 OK
django__django-16493 OK
django__django-16502 OK
django__django-16527 OK
django__django-16595 OK
django__django-16560 OK
django__django-16569 OK
django__django-16612 OK
django__django-16631 OK
django__django-16662 OK
django__django-16642 OK
django__django-16661 OK
django__django-16667 OK
django__django-16801 OK
django__django-16819 OK
django__django-16899 OK
django__django-16877 OK
django__django-17029 OK
django__django-17084 OK
django__django-16950 OK
django__django-9296 OK
django__django-17087 OK
matplotlib__matplotlib-13989 OK
django__django-7530 OK
matplotlib__matplotlib-20676 OK
matplotlib__matplotlib-14623 OK
matplotlib__matplotlib-20826 OK
matplotlib__matplotlib-20859 OK
matplotlib__matplotlib-21568 OK
matplotlib__matplotlib-22719 OK
matplotlib__matplotlib-22865 OK
matplotlib__matplotlib-23314 OK
matplotlib__matplotlib-22871 OK
matplotlib__matplotlib-23299 OK
matplotlib__matplotlib-23412 OK
matplotlib__matplotlib-24026 OK
matplotlib__matplotlib-23476 OK
matplotlib__matplotlib-24177 OK
matplotlib__matplotlib-24149 OK
matplotlib__matplotlib-24570 OK
matplotlib__matplotlib-24627 OK
matplotlib__matplotlib-24870 OK
matplotlib__matplotlib-24970 OK
matplotlib__matplotlib-24637 OK
matplotlib__matplotlib-25122 OK
matplotlib__matplotlib-25287 OK
matplotlib__matplotlib-25311 OK
matplotlib__matplotlib-25960 OK
matplotlib__matplotlib-25479 OK
matplotlib__matplotlib-26113 OK
matplotlib__matplotlib-25775 OK
matplotlib__matplotlib-26208 OK
matplotlib__matplotlib-26291 OK
pallets__flask-5014 OK
mwaskom__seaborn-3069 OK
matplotlib__matplotlib-26342 OK
matplotlib__matplotlib-26466 OK
psf__requests-1766 OK
mwaskom__seaborn-3187 OK
psf__requests-1142 OK
psf__requests-1921 OK
psf__requests-2931 OK
psf__requests-2317 OK
pydata__xarray-3151 OK
pydata__xarray-2905 OK
pydata__xarray-3305 OK
pydata__xarray-3993 OK
pydata__xarray-3677 OK
pydata__xarray-4075 OK
pydata__xarray-4356 OK
pydata__xarray-4629 OK
pydata__xarray-4094 OK
pydata__xarray-4687 OK
pydata__xarray-4695 OK
pydata__xarray-6461 OK
pydata__xarray-4966 OK
pydata__xarray-6744 OK
pydata__xarray-6721 OK
pydata__xarray-6992 OK
pydata__xarray-7233 OK
pydata__xarray-6938 OK
pydata__xarray-7229 OK
pydata__xarray-7393 OK
pylint-dev__pylint-4551 OK
pylint-dev__pylint-4604 OK
pylint-dev__pylint-6386 OK
pylint-dev__pylint-4661 OK
pylint-dev__pylint-4970 OK
pylint-dev__pylint-6528 OK
pylint-dev__pylint-7080 OK
pylint-dev__pylint-7277 OK
pylint-dev__pylint-6903 OK
pylint-dev__pylint-8898 OK
pytest-dev__pytest-10051 OK
pytest-dev__pytest-10356 OK
pytest-dev__pytest-10081 OK
pytest-dev__pytest-5631 OK
pytest-dev__pytest-5809 OK
pytest-dev__pytest-5262 OK
pytest-dev__pytest-5787 OK
pytest-dev__pytest-6202 OK
pytest-dev__pytest-5840 OK
pytest-dev__pytest-6197 OK
pytest-dev__pytest-7205 OK
pytest-dev__pytest-7432 OK
pytest-dev__pytest-7236 OK
pytest-dev__pytest-7521 OK
pytest-dev__pytest-7982 OK
pytest-dev__pytest-8399 OK
scikit-learn__scikit-learn-10844 OK
scikit-learn__scikit-learn-10908 OK
scikit-learn__scikit-learn-10297 OK
scikit-learn__scikit-learn-11310 OK
scikit-learn__scikit-learn-12585 OK
scikit-learn__scikit-learn-12682 OK
scikit-learn__scikit-learn-11578 OK
scikit-learn__scikit-learn-13124 OK
scikit-learn__scikit-learn-12973 OK
scikit-learn__scikit-learn-13135 OK
scikit-learn__scikit-learn-13142 OK
scikit-learn__scikit-learn-13328 OK
scikit-learn__scikit-learn-13439 OK
scikit-learn__scikit-learn-13779 OK
scikit-learn__scikit-learn-14053 OK
scikit-learn__scikit-learn-13496 OK
scikit-learn__scikit-learn-14087 OK
scikit-learn__scikit-learn-14141 OK
scikit-learn__scikit-learn-14496 OK
scikit-learn__scikit-learn-15100 OK
scikit-learn__scikit-learn-14894 OK
scikit-learn__scikit-learn-14629 OK
scikit-learn__scikit-learn-14710 OK
scikit-learn__scikit-learn-14983 OK
sphinx-doc__sphinx-10323 OK
sphinx-doc__sphinx-10435 OK
scikit-learn__scikit-learn-9288 OK
sphinx-doc__sphinx-10449 OK
sphinx-doc__sphinx-10466 OK
sphinx-doc__sphinx-10614 OK
sphinx-doc__sphinx-10673 OK
sphinx-doc__sphinx-7440 OK
sphinx-doc__sphinx-11510 OK
sphinx-doc__sphinx-11445 OK
sphinx-doc__sphinx-7462 OK
sphinx-doc__sphinx-7454 OK
sphinx-doc__sphinx-7748 OK
sphinx-doc__sphinx-7590 OK
sphinx-doc__sphinx-7757 OK
sphinx-doc__sphinx-7985 OK
sphinx-doc__sphinx-7889 OK
sphinx-doc__sphinx-7910 OK
sphinx-doc__sphinx-8035 OK
sphinx-doc__sphinx-8056 OK
sphinx-doc__sphinx-8269 OK
sphinx-doc__sphinx-8120 OK
sphinx-doc__sphinx-8265 OK
sphinx-doc__sphinx-8459 OK
sphinx-doc__sphinx-8593 OK
sphinx-doc__sphinx-8595 OK
sphinx-doc__sphinx-8548 OK
sphinx-doc__sphinx-8475 OK
sphinx-doc__sphinx-8551 OK
sphinx-doc__sphinx-8638 OK
sphinx-doc__sphinx-9281 OK
sphinx-doc__sphinx-9230 OK
sphinx-doc__sphinx-9367 OK
sphinx-doc__sphinx-9320 OK
sphinx-doc__sphinx-9258 OK
sphinx-doc__sphinx-9461 OK
sphinx-doc__sphinx-9658 OK
sphinx-doc__sphinx-9602 OK
sphinx-doc__sphinx-9591 OK
sphinx-doc__sphinx-9698 OK
sphinx-doc__sphinx-9673 OK
sphinx-doc__sphinx-9711 OK
sympy__sympy-12096 OK
sympy__sympy-11618 OK
sympy__sympy-13031 OK
sympy__sympy-12481 OK
sympy__sympy-12419 OK
sympy__sympy-12489 OK
sympy__sympy-13372 OK
sympy__sympy-13615 OK
sympy__sympy-13647 OK
sympy__sympy-13551 OK
sympy__sympy-13480 OK
sympy__sympy-13798 OK
sympy__sympy-13877 OK
sympy__sympy-15017 OK
sympy__sympy-14711 OK
sympy__sympy-15345 OK
sympy__sympy-13974 OK
sympy__sympy-14976 OK
sympy__sympy-15349 OK
sympy__sympy-15809 OK
sympy__sympy-15976 OK
sympy__sympy-16450 OK
sympy__sympy-16597 OK
sympy__sympy-15875 OK
sympy__sympy-16766 OK
sympy__sympy-16886 OK
sympy__sympy-16792 OK
sympy__sympy-17139 OK
sympy__sympy-17630 OK
sympy__sympy-17318 OK
sympy__sympy-18199 OK
sympy__sympy-18189 OK
sympy__sympy-18763 OK
sympy__sympy-18211 OK
sympy__sympy-17655 OK
sympy__sympy-18698 OK
sympy__sympy-19040 OK
sympy__sympy-19346 OK
sympy__sympy-19637 OK
sympy__sympy-20154 OK
sympy__sympy-19954 OK
sympy__sympy-19783 OK
sympy__sympy-19495 OK
sympy__sympy-20428 OK
sympy__sympy-20590 OK
sympy__sympy-20916 OK
sympy__sympy-20438 OK
sympy__sympy-20801 OK
sympy__sympy-21612 OK
sympy__sympy-21596 OK
sympy__sympy-21847 OK
sympy__sympy-21930 OK
sympy__sympy-22080 OK
sympy__sympy-22456 OK
sympy__sympy-22714 OK
sympy__sympy-23413 OK
sympy__sympy-22914 OK
sympy__sympy-23534 OK
sympy__sympy-23824 OK
sympy__sympy-23262 OK
sympy__sympy-23950 OK
sympy__sympy-24562 OK
sympy__sympy-24213 OK
sympy__sympy-24539 OK
sympy__sympy-24066 OK
sympy__sympy-24443 OK
sympy__sympy-24661 OK
